// Jest Snapshot v1, https://goo.gl/fbAQLP

exports[`does not renders if message is empty 1`] = `null`;

exports[`renders correctly 1`] = `
<div>
  <div
    className="alert alert-danger"
    role="alert"
  >
    Some error
  </div>
</div>
`;
